
> server@1.0.0 test
> node --experimental-vm-modules node_modules/jest/bin/jest.js

ΓùÅ Validation Error:

  Option: extensionsToTreatAsEsm: ['.js'] includes '.js' which is always inferred based on type in its nearest package.json.

  Configuration Documentation:
  https://jestjs.io/docs/configuration

